I'm sorry, but errors were detected in your script. Please correct the
errors listed below, and try again.


File "game/script.rpy", line 30: expected statement.
    zoom 0.8
          ^

Ren'Py Version: Ren'Py 7.3.5.606
Fri Oct 30 23:36:52 2020
